project notes
--------------------------

07.22.24
---------
React on Rails part 2 8:13

vite and react are stable
127.0.0.1:5173


what is dotenv

rails api in github
need to add react to gh


16315@DESKTOP-8R1P5Q2 MINGW64 
/c/projects/rails_projects/RailsReactDeanin/api/react_rails (
1-setup-vite-react-app)
https://github.com/ScottKohler/rails_react_app/blob/main/db/schema.rb

C:\projects\rails_projects\RailsReactDeanin\api\react_rails\react_client - react 'root'

rails/api
http://127.0.0.1:3000/api/v1/posts

C:\projects\rails_projects\RailsReactDeanin\api\react_rails>rails s


removed this from App.jsx

import reactLogo from './assets/react.svg'
import viteLogo from '/vite.svg'

 const [count, setCount] = useState(0)

      <div>
        <a href="https://vitejs.dev" target="_blank">
          <img src={viteLogo} className="logo" alt="Vite logo" />
        </a>
        <a href="https://react.dev" target="_blank">
          <img src={reactLogo} className="logo react" alt="React logo" />
        </a>
      </div>
      <h1>Vite + React</h1>
      <div className="card">
        <button onClick={() => setCount((count) => count + 1)}>
          count is {count}
        </button>
        <p>
          Edit <code>src/App.jsx</code> and save to test HMR
        </p>
      </div>
      <p className="read-the-docs">
        Click on the Vite and React logos to learn more
      </p>

 -----------------------------------
where is react console running from? 
  its in code terminal
  C:\projects\rails_projects\RailsReactDeanin\api\react_rails\react_client

  npm run dev




xxx C:\projects\rails_projects\RailsReactDeanin\api\react_rails

app root: 
C:\projects\rails_projects\RailsReactDeanin\api\react_rails\app



browsers
vite:
http://localhost:5173/
http://localhost:5173/88 

rails api:
http://localhost:3000/api/v1/posts/
    

lessons:

https://www.youtube.com/watch?v=Qoi-5xp08tY&list=PL3mtAHT_eRewtt6HPMHFB4TMxkxiEfp9N&index=4


gitbash/mingw64
16315@DESKTOP-8R1P5Q2 MINGW64 /c/projects/rails_projects/RailsReactDeanin/api/react_rails (3-create-the-post-show-page-in-our-react-app)


C:\projects\rails_projects\RailsReactDeanin\api\react_rails>rails c
C:\projects\rails_projects\RailsReactDeanin\api\react_rails>rails s


MSDN Web Docs:
https://developer.mozilla.org/en-US/docs/Web/JavaScript/Reference/Strict_mode

github
https://github.com/ScottKohler/rails_react_app
2factor auth enabled


ssh_07202024
Added on Jul 20, 2024

to install:
npm i react-router-dom 


08.03.2024
after a few days of not rendering single post
  cap L in <Link needed, follwoed by proper url http://localhost:5173/posts/88
damn
React component names are Capitalized....


git hub workflow
-------------------------
github  
  new issue
  create a branch
  assign to self, name it 
  
  
  I thnk I missed these:
  git checkout main
  git pull 
  
  
  create branch button - copy the generated statements and run them in local clone:

    git fetch origin
    git checkout 5-new-post-from
    feedback:
                        16315@DESKTOP-8R1P5Q2 MINGW64 /c/projects/rails_projects/RailsReactDeanin/api/react_rails (5-new-post-form)
                    $ git fetch origin
                    remote: Enumerating objects: 1, done.
                    remote: Counting objects: 100% (1/1), done.
                    remote: Total 1 (delta 0), reused 0 (delta 0), pack-reused 0
                    Unpacking objects: 100% (1/1), 904 bytes | 17.00 KiB/s, done.
                    From github.com:ScottKohler/rails_react_app
                    * [new branch]      7-change-index-page-to-have-links-to-posts -> origin/7-change-index-page-to-have-links-to-posts
                      7beed17..8b32cb6  main       -> origin/main

                    16315@DESKTOP-8R1P5Q2 MINGW64 /c/projects/rails_projects/RailsReactDeanin/api/react_rails (5-new-post-form)
                    $ git checkout 7-change-index-page-to-have-links-to-posts
                    Switched to a new branch '7-change-index-page-to-have-links-to-posts'
                    M       project_notes.txt
                    Branch '7-change-index-page-to-have-links-to-posts' set up to track remote branch '7-change-index-page-to-have-links-to-posts' from 'origin'.






  now on new branch(5-new-post-from)  
  ------
  write code
  ------
  
commit changes: ____ capture them here
------------
$ git status 
      On branch 5-new-post-form
      Your branch is up to date with 'origin/5-new-post-form'.

      
      Changes not staged for commit:
        (use "git add <file>..." to update what will be committed)
        (use "git restore <file>..." to discard changes in working directory)
              
              //red
              modified:   app/controllers/api/v1/posts_controller.rb
              modified:   project_notes.txt
              modified:   react_client/src/components/AppRoutes.jsx

      Untracked files:
        (use "git add <file>..." to include in what will be committed)
              react_client/src/features/posts/NewPostForm.jsx

      no changes added to commit (use "git add" and/or "git commit -a")

$ git add .

$ git status
  On branch 5-new-post-form
  Your branch is up to date with 'origin/5-new-post-form'.

  Changes to be committed:
    (use "git restore --staged <file>..." to unstage)

        //green
        modified:   app/controllers/api/v1/posts_controller.rb
        modified:   project_notes.txt
        modified:   react_client/src/components/AppRoutes.jsx
        new file:   react_client/src/features/posts/NewPostForm.jsx

$ git commit -m "Implemented new post form"
    [5-new-post-form 3cccfd4] Implemented new post form
    4 files changed, 113 insertions(+), 3 deletions(-)
    create mode 100644 react_client/src/features/posts/NewPostForm.jsx



$ git push
  Enumerating objects: 28, done.
  Counting objects: 100% (28/28), done.
  Delta compression using up to 8 threads
  Compressing objects: 100% (12/12), done.
  Writing objects: 100% (15/15), 2.19 KiB | 1.09 MiB/s, done.
  Total 15 (delta 7), reused 0 (delta 0)
  remote: Resolving deltas: 100% (7/7), completed with 7 local objects.
  To github.com:ScottKohler/rails_react_app.git
    7beed17..3cccfd4  5-new-post-form -> 5-new-post-form


over to github
  Code
  Compare and Pull Request
  Create pull Request
  Merge pull Request
  Confirm Merge - successfully merged abd closed
  Delete branch -  deleted the 5-new-post-form branch now


  
